// Jest Snapshot v1, https://goo.gl/fbAQLP

exports[`TextIcon initialized snapshot 1`] = `
<i
  class="textIcon"
/>
`;
