// Jest Snapshot v1, https://goo.gl/fbAQLP

exports[`ToggleButton initialized snapshot 1`] = `
<label
  class="toggleButton"
>
  <input
    class="toggleButton__input"
    type="checkbox"
    value="test"
  />
   
  <span
    class="toggleButton__text"
  />
</label>
`;
