// Jest Snapshot v1, https://goo.gl/fbAQLP

exports[`VBalloon initialized snapshot 1`] = `
<div
  class="vBalloon"
/>
`;
