// Jest Snapshot v1, https://goo.gl/fbAQLP

exports[`VContainer initialized snapshot 1`] = `
<div
  class="vContainer"
/>
`;
