// Jest Snapshot v1, https://goo.gl/fbAQLP

exports[`VHeading initialized snapshot 1`] = `
<h2
  class="vHeading2"
/>
`;
