// Jest Snapshot v1, https://goo.gl/fbAQLP

exports[`VUlist initialized snapshot 1`] = `
<ul
  class="list"
>
  <li
    class="list__item"
  >
    テスト
  </li>
  <li
    class="list__item"
  >
    テスト2
  </li>
</ul>
`;
