// Jest Snapshot v1, https://goo.gl/fbAQLP

exports[`FormInput initialized snapshot 1`] = `
<div
  class="formInput"
>
  <vinput-stub
    aria-invalid="false"
    class="formInput__input"
    type="text"
    value=""
  />
   
  <!---->
</div>
`;
