// Jest Snapshot v1, https://goo.gl/fbAQLP

exports[`FormInputFile initialized snapshot 1`] = `
<div
  class="formInputFile"
>
  <inputfile-stub
    aria-invalid="false"
    class="formInputFile__input"
    label="アップロードする"
    name="test"
  />
   
  <!---->
</div>
`;
