// Jest Snapshot v1, https://goo.gl/fbAQLP

exports[`VTooltip initialized snapshot 1`] = `
<div
  class="vTooltip"
>
  <button
    aria-controls="balloon-6"
    aria-expanded="false"
    class="vTooltip__btn"
    type="button"
  >
    <span>
      ï¼Ÿ
    </span>
  </button>
   
  <fadetransition-stub>
    <div
      style="display: none;"
    >
      <vballoon-stub
        aria-hidden="true"
        class="vTooltip__content"
        id="balloon-6"
        style="left: -0px;"
        tabindex="-1"
      />
       
      <vmask-stub
        class="vTooltip__mask"
        transparent="true"
      />
    </div>
  </fadetransition-stub>
</div>
`;
