// Jest Snapshot v1, https://goo.gl/fbAQLP

exports[`VCaret initialized snapshot 1`] = `
<span
  class="vCaret"
/>
`;
